---
source: crates/ndc-sqlserver/tests/mutation_tests.rs
expression: result
---
{
  "operation_results": [
    {
      "type": "procedure",
      "result": {
        "returning": [
          {
            "name": "Ramesh",
            "Artist": {
              "rows": [
                {
                  "name": "Ramesh"
                }
              ]
            }
          }
        ],
        "affected_rows_haha": 1
      }
    }
  ]
}
