---
source: crates/ndc-sqlserver/tests/query_tests.rs
expression: result
---
[
  {
    "rows": [
      {
        "Name": "Fanfare for the Common Man"
      },
      {
        "Name": "OAM's Blues"
      },
      {
        "Name": "Bad Boy Boogie"
      },
      {
        "Name": "Breaking The Rules"
      },
      {
        "Name": "C.O.D."
      }
    ]
  }
]
