---
source: crates/ndc-sqlserver/tests/schema_tests.rs
expression: result
---
{
  "scalar_types": {
    "bigint": {
      "aggregate_functions": {
        "APPROX_COUNT_DISTINCT": {
          "result_type": {
            "type": "named",
            "name": "bigint"
          }
        },
        "AVG": {
          "result_type": {
            "type": "named",
            "name": "bigint"
          }
        },
        "COUNT": {
          "result_type": {
            "type": "named",
            "name": "int"
          }
        },
        "COUNT_BIG": {
          "result_type": {
            "type": "named",
            "name": "bigint"
          }
        },
        "MAX": {
          "result_type": {
            "type": "named",
            "name": "bigint"
          }
        },
        "MIN": {
          "result_type": {
            "type": "named",
            "name": "bigint"
          }
        },
        "STDEV": {
          "result_type": {
            "type": "named",
            "name": "float"
          }
        },
        "STDEVP": {
          "result_type": {
            "type": "named",
            "name": "float"
          }
        },
        "SUM": {
          "result_type": {
            "type": "named",
            "name": "bigint"
          }
        },
        "VAR": {
          "result_type": {
            "type": "named",
            "name": "float"
          }
        },
        "VARP": {
          "result_type": {
            "type": "named",
            "name": "float"
          }
        }
      },
      "comparison_operators": {
        "_eq": {
          "type": "equal"
        },
        "_gt": {
          "type": "custom",
          "argument_type": {
            "type": "named",
            "name": "bigint"
          }
        },
        "_gte": {
          "type": "custom",
          "argument_type": {
            "type": "named",
            "name": "bigint"
          }
        },
        "_in": {
          "type": "in"
        },
        "_lt": {
          "type": "custom",
          "argument_type": {
            "type": "named",
            "name": "bigint"
          }
        },
        "_lte": {
          "type": "custom",
          "argument_type": {
            "type": "named",
            "name": "bigint"
          }
        },
        "_neq": {
          "type": "custom",
          "argument_type": {
            "type": "named",
            "name": "bigint"
          }
        }
      }
    },
    "binary": {
      "aggregate_functions": {
        "APPROX_COUNT_DISTINCT": {
          "result_type": {
            "type": "named",
            "name": "bigint"
          }
        },
        "COUNT": {
          "result_type": {
            "type": "named",
            "name": "int"
          }
        },
        "COUNT_BIG": {
          "result_type": {
            "type": "named",
            "name": "bigint"
          }
        }
      },
      "comparison_operators": {
        "_eq": {
          "type": "equal"
        },
        "_gt": {
          "type": "custom",
          "argument_type": {
            "type": "named",
            "name": "binary"
          }
        },
        "_gte": {
          "type": "custom",
          "argument_type": {
            "type": "named",
            "name": "binary"
          }
        },
        "_in": {
          "type": "in"
        },
        "_lt": {
          "type": "custom",
          "argument_type": {
            "type": "named",
            "name": "binary"
          }
        },
        "_lte": {
          "type": "custom",
          "argument_type": {
            "type": "named",
            "name": "binary"
          }
        },
        "_neq": {
          "type": "custom",
          "argument_type": {
            "type": "named",
            "name": "binary"
          }
        }
      }
    },
    "bit": {
      "aggregate_functions": {
        "APPROX_COUNT_DISTINCT": {
          "result_type": {
            "type": "named",
            "name": "bigint"
          }
        },
        "COUNT": {
          "result_type": {
            "type": "named",
            "name": "int"
          }
        },
        "COUNT_BIG": {
          "result_type": {
            "type": "named",
            "name": "bigint"
          }
        }
      },
      "comparison_operators": {
        "_eq": {
          "type": "equal"
        },
        "_gt": {
          "type": "custom",
          "argument_type": {
            "type": "named",
            "name": "bit"
          }
        },
        "_gte": {
          "type": "custom",
          "argument_type": {
            "type": "named",
            "name": "bit"
          }
        },
        "_in": {
          "type": "in"
        },
        "_lt": {
          "type": "custom",
          "argument_type": {
            "type": "named",
            "name": "bit"
          }
        },
        "_lte": {
          "type": "custom",
          "argument_type": {
            "type": "named",
            "name": "bit"
          }
        },
        "_neq": {
          "type": "custom",
          "argument_type": {
            "type": "named",
            "name": "bit"
          }
        }
      }
    },
    "char": {
      "aggregate_functions": {
        "APPROX_COUNT_DISTINCT": {
          "result_type": {
            "type": "named",
            "name": "bigint"
          }
        },
        "COUNT": {
          "result_type": {
            "type": "named",
            "name": "int"
          }
        },
        "COUNT_BIG": {
          "result_type": {
            "type": "named",
            "name": "bigint"
          }
        },
        "MAX": {
          "result_type": {
            "type": "named",
            "name": "char"
          }
        },
        "MIN": {
          "result_type": {
            "type": "named",
            "name": "char"
          }
        }
      },
      "comparison_operators": {
        "_eq": {
          "type": "equal"
        },
        "_gt": {
          "type": "custom",
          "argument_type": {
            "type": "named",
            "name": "char"
          }
        },
        "_gte": {
          "type": "custom",
          "argument_type": {
            "type": "named",
            "name": "char"
          }
        },
        "_in": {
          "type": "in"
        },
        "_like": {
          "type": "custom",
          "argument_type": {
            "type": "named",
            "name": "char"
          }
        },
        "_lt": {
          "type": "custom",
          "argument_type": {
            "type": "named",
            "name": "char"
          }
        },
        "_lte": {
          "type": "custom",
          "argument_type": {
            "type": "named",
            "name": "char"
          }
        },
        "_neq": {
          "type": "custom",
          "argument_type": {
            "type": "named",
            "name": "char"
          }
        },
        "_nlike": {
          "type": "custom",
          "argument_type": {
            "type": "named",
            "name": "char"
          }
        }
      }
    },
    "date": {
      "aggregate_functions": {
        "APPROX_COUNT_DISTINCT": {
          "result_type": {
            "type": "named",
            "name": "bigint"
          }
        },
        "COUNT": {
          "result_type": {
            "type": "named",
            "name": "int"
          }
        },
        "COUNT_BIG": {
          "result_type": {
            "type": "named",
            "name": "bigint"
          }
        }
      },
      "comparison_operators": {
        "_eq": {
          "type": "equal"
        },
        "_gt": {
          "type": "custom",
          "argument_type": {
            "type": "named",
            "name": "date"
          }
        },
        "_gte": {
          "type": "custom",
          "argument_type": {
            "type": "named",
            "name": "date"
          }
        },
        "_in": {
          "type": "in"
        },
        "_lt": {
          "type": "custom",
          "argument_type": {
            "type": "named",
            "name": "date"
          }
        },
        "_lte": {
          "type": "custom",
          "argument_type": {
            "type": "named",
            "name": "date"
          }
        },
        "_neq": {
          "type": "custom",
          "argument_type": {
            "type": "named",
            "name": "date"
          }
        }
      }
    },
    "datetime": {
      "aggregate_functions": {
        "APPROX_COUNT_DISTINCT": {
          "result_type": {
            "type": "named",
            "name": "bigint"
          }
        },
        "COUNT": {
          "result_type": {
            "type": "named",
            "name": "int"
          }
        },
        "COUNT_BIG": {
          "result_type": {
            "type": "named",
            "name": "bigint"
          }
        },
        "MAX": {
          "result_type": {
            "type": "named",
            "name": "datetime"
          }
        },
        "MIN": {
          "result_type": {
            "type": "named",
            "name": "datetime"
          }
        }
      },
      "comparison_operators": {
        "_eq": {
          "type": "equal"
        },
        "_gt": {
          "type": "custom",
          "argument_type": {
            "type": "named",
            "name": "datetime"
          }
        },
        "_gte": {
          "type": "custom",
          "argument_type": {
            "type": "named",
            "name": "datetime"
          }
        },
        "_in": {
          "type": "in"
        },
        "_lt": {
          "type": "custom",
          "argument_type": {
            "type": "named",
            "name": "datetime"
          }
        },
        "_lte": {
          "type": "custom",
          "argument_type": {
            "type": "named",
            "name": "datetime"
          }
        },
        "_neq": {
          "type": "custom",
          "argument_type": {
            "type": "named",
            "name": "datetime"
          }
        }
      }
    },
    "datetime2": {
      "aggregate_functions": {
        "APPROX_COUNT_DISTINCT": {
          "result_type": {
            "type": "named",
            "name": "bigint"
          }
        },
        "COUNT": {
          "result_type": {
            "type": "named",
            "name": "int"
          }
        },
        "COUNT_BIG": {
          "result_type": {
            "type": "named",
            "name": "bigint"
          }
        }
      },
      "comparison_operators": {
        "_eq": {
          "type": "equal"
        },
        "_gt": {
          "type": "custom",
          "argument_type": {
            "type": "named",
            "name": "datetime2"
          }
        },
        "_gte": {
          "type": "custom",
          "argument_type": {
            "type": "named",
            "name": "datetime2"
          }
        },
        "_in": {
          "type": "in"
        },
        "_lt": {
          "type": "custom",
          "argument_type": {
            "type": "named",
            "name": "datetime2"
          }
        },
        "_lte": {
          "type": "custom",
          "argument_type": {
            "type": "named",
            "name": "datetime2"
          }
        },
        "_neq": {
          "type": "custom",
          "argument_type": {
            "type": "named",
            "name": "datetime2"
          }
        }
      }
    },
    "datetimeoffset": {
      "aggregate_functions": {
        "APPROX_COUNT_DISTINCT": {
          "result_type": {
            "type": "named",
            "name": "bigint"
          }
        },
        "COUNT": {
          "result_type": {
            "type": "named",
            "name": "int"
          }
        },
        "COUNT_BIG": {
          "result_type": {
            "type": "named",
            "name": "bigint"
          }
        }
      },
      "comparison_operators": {
        "_eq": {
          "type": "equal"
        },
        "_gt": {
          "type": "custom",
          "argument_type": {
            "type": "named",
            "name": "datetimeoffset"
          }
        },
        "_gte": {
          "type": "custom",
          "argument_type": {
            "type": "named",
            "name": "datetimeoffset"
          }
        },
        "_in": {
          "type": "in"
        },
        "_lt": {
          "type": "custom",
          "argument_type": {
            "type": "named",
            "name": "datetimeoffset"
          }
        },
        "_lte": {
          "type": "custom",
          "argument_type": {
            "type": "named",
            "name": "datetimeoffset"
          }
        },
        "_neq": {
          "type": "custom",
          "argument_type": {
            "type": "named",
            "name": "datetimeoffset"
          }
        }
      }
    },
    "decimal": {
      "aggregate_functions": {
        "APPROX_COUNT_DISTINCT": {
          "result_type": {
            "type": "named",
            "name": "bigint"
          }
        },
        "AVG": {
          "result_type": {
            "type": "named",
            "name": "decimal"
          }
        },
        "COUNT": {
          "result_type": {
            "type": "named",
            "name": "int"
          }
        },
        "COUNT_BIG": {
          "result_type": {
            "type": "named",
            "name": "bigint"
          }
        },
        "MAX": {
          "result_type": {
            "type": "named",
            "name": "decimal"
          }
        },
        "MIN": {
          "result_type": {
            "type": "named",
            "name": "decimal"
          }
        },
        "STDEV": {
          "result_type": {
            "type": "named",
            "name": "float"
          }
        },
        "STDEVP": {
          "result_type": {
            "type": "named",
            "name": "float"
          }
        },
        "SUM": {
          "result_type": {
            "type": "named",
            "name": "decimal"
          }
        },
        "VAR": {
          "result_type": {
            "type": "named",
            "name": "float"
          }
        },
        "VARP": {
          "result_type": {
            "type": "named",
            "name": "float"
          }
        }
      },
      "comparison_operators": {
        "_eq": {
          "type": "equal"
        },
        "_gt": {
          "type": "custom",
          "argument_type": {
            "type": "named",
            "name": "decimal"
          }
        },
        "_gte": {
          "type": "custom",
          "argument_type": {
            "type": "named",
            "name": "decimal"
          }
        },
        "_in": {
          "type": "in"
        },
        "_lt": {
          "type": "custom",
          "argument_type": {
            "type": "named",
            "name": "decimal"
          }
        },
        "_lte": {
          "type": "custom",
          "argument_type": {
            "type": "named",
            "name": "decimal"
          }
        },
        "_neq": {
          "type": "custom",
          "argument_type": {
            "type": "named",
            "name": "decimal"
          }
        }
      }
    },
    "float": {
      "aggregate_functions": {
        "APPROX_COUNT_DISTINCT": {
          "result_type": {
            "type": "named",
            "name": "bigint"
          }
        },
        "AVG": {
          "result_type": {
            "type": "named",
            "name": "float"
          }
        },
        "COUNT": {
          "result_type": {
            "type": "named",
            "name": "int"
          }
        },
        "COUNT_BIG": {
          "result_type": {
            "type": "named",
            "name": "bigint"
          }
        },
        "MAX": {
          "result_type": {
            "type": "named",
            "name": "float"
          }
        },
        "MIN": {
          "result_type": {
            "type": "named",
            "name": "float"
          }
        },
        "STDEV": {
          "result_type": {
            "type": "named",
            "name": "float"
          }
        },
        "STDEVP": {
          "result_type": {
            "type": "named",
            "name": "float"
          }
        },
        "SUM": {
          "result_type": {
            "type": "named",
            "name": "float"
          }
        },
        "VAR": {
          "result_type": {
            "type": "named",
            "name": "float"
          }
        },
        "VARP": {
          "result_type": {
            "type": "named",
            "name": "float"
          }
        }
      },
      "comparison_operators": {
        "_eq": {
          "type": "equal"
        },
        "_gt": {
          "type": "custom",
          "argument_type": {
            "type": "named",
            "name": "float"
          }
        },
        "_gte": {
          "type": "custom",
          "argument_type": {
            "type": "named",
            "name": "float"
          }
        },
        "_in": {
          "type": "in"
        },
        "_lt": {
          "type": "custom",
          "argument_type": {
            "type": "named",
            "name": "float"
          }
        },
        "_lte": {
          "type": "custom",
          "argument_type": {
            "type": "named",
            "name": "float"
          }
        },
        "_neq": {
          "type": "custom",
          "argument_type": {
            "type": "named",
            "name": "float"
          }
        }
      }
    },
    "geography": {
      "aggregate_functions": {
        "APPROX_COUNT_DISTINCT": {
          "result_type": {
            "type": "named",
            "name": "bigint"
          }
        },
        "COUNT": {
          "result_type": {
            "type": "named",
            "name": "int"
          }
        },
        "COUNT_BIG": {
          "result_type": {
            "type": "named",
            "name": "bigint"
          }
        }
      },
      "comparison_operators": {
        "_eq": {
          "type": "equal"
        },
        "_gt": {
          "type": "custom",
          "argument_type": {
            "type": "named",
            "name": "geography"
          }
        },
        "_gte": {
          "type": "custom",
          "argument_type": {
            "type": "named",
            "name": "geography"
          }
        },
        "_in": {
          "type": "in"
        },
        "_lt": {
          "type": "custom",
          "argument_type": {
            "type": "named",
            "name": "geography"
          }
        },
        "_lte": {
          "type": "custom",
          "argument_type": {
            "type": "named",
            "name": "geography"
          }
        },
        "_neq": {
          "type": "custom",
          "argument_type": {
            "type": "named",
            "name": "geography"
          }
        }
      }
    },
    "geometry": {
      "aggregate_functions": {
        "APPROX_COUNT_DISTINCT": {
          "result_type": {
            "type": "named",
            "name": "bigint"
          }
        },
        "COUNT": {
          "result_type": {
            "type": "named",
            "name": "int"
          }
        },
        "COUNT_BIG": {
          "result_type": {
            "type": "named",
            "name": "bigint"
          }
        }
      },
      "comparison_operators": {
        "_eq": {
          "type": "equal"
        },
        "_gt": {
          "type": "custom",
          "argument_type": {
            "type": "named",
            "name": "geometry"
          }
        },
        "_gte": {
          "type": "custom",
          "argument_type": {
            "type": "named",
            "name": "geometry"
          }
        },
        "_in": {
          "type": "in"
        },
        "_lt": {
          "type": "custom",
          "argument_type": {
            "type": "named",
            "name": "geometry"
          }
        },
        "_lte": {
          "type": "custom",
          "argument_type": {
            "type": "named",
            "name": "geometry"
          }
        },
        "_neq": {
          "type": "custom",
          "argument_type": {
            "type": "named",
            "name": "geometry"
          }
        }
      }
    },
    "hierarchyid": {
      "aggregate_functions": {
        "APPROX_COUNT_DISTINCT": {
          "result_type": {
            "type": "named",
            "name": "bigint"
          }
        },
        "COUNT": {
          "result_type": {
            "type": "named",
            "name": "int"
          }
        },
        "COUNT_BIG": {
          "result_type": {
            "type": "named",
            "name": "bigint"
          }
        }
      },
      "comparison_operators": {
        "_eq": {
          "type": "equal"
        },
        "_gt": {
          "type": "custom",
          "argument_type": {
            "type": "named",
            "name": "hierarchyid"
          }
        },
        "_gte": {
          "type": "custom",
          "argument_type": {
            "type": "named",
            "name": "hierarchyid"
          }
        },
        "_in": {
          "type": "in"
        },
        "_lt": {
          "type": "custom",
          "argument_type": {
            "type": "named",
            "name": "hierarchyid"
          }
        },
        "_lte": {
          "type": "custom",
          "argument_type": {
            "type": "named",
            "name": "hierarchyid"
          }
        },
        "_neq": {
          "type": "custom",
          "argument_type": {
            "type": "named",
            "name": "hierarchyid"
          }
        }
      }
    },
    "image": {
      "aggregate_functions": {
        "COUNT_BIG": {
          "result_type": {
            "type": "named",
            "name": "bigint"
          }
        }
      },
      "comparison_operators": {
        "_eq": {
          "type": "equal"
        },
        "_in": {
          "type": "in"
        }
      }
    },
    "int": {
      "aggregate_functions": {
        "APPROX_COUNT_DISTINCT": {
          "result_type": {
            "type": "named",
            "name": "bigint"
          }
        },
        "AVG": {
          "result_type": {
            "type": "named",
            "name": "int"
          }
        },
        "COUNT": {
          "result_type": {
            "type": "named",
            "name": "int"
          }
        },
        "COUNT_BIG": {
          "result_type": {
            "type": "named",
            "name": "bigint"
          }
        },
        "MAX": {
          "result_type": {
            "type": "named",
            "name": "int"
          }
        },
        "MIN": {
          "result_type": {
            "type": "named",
            "name": "int"
          }
        },
        "STDEV": {
          "result_type": {
            "type": "named",
            "name": "float"
          }
        },
        "STDEVP": {
          "result_type": {
            "type": "named",
            "name": "float"
          }
        },
        "SUM": {
          "result_type": {
            "type": "named",
            "name": "int"
          }
        },
        "VAR": {
          "result_type": {
            "type": "named",
            "name": "float"
          }
        },
        "VARP": {
          "result_type": {
            "type": "named",
            "name": "float"
          }
        }
      },
      "comparison_operators": {
        "_eq": {
          "type": "equal"
        },
        "_gt": {
          "type": "custom",
          "argument_type": {
            "type": "named",
            "name": "int"
          }
        },
        "_gte": {
          "type": "custom",
          "argument_type": {
            "type": "named",
            "name": "int"
          }
        },
        "_in": {
          "type": "in"
        },
        "_lt": {
          "type": "custom",
          "argument_type": {
            "type": "named",
            "name": "int"
          }
        },
        "_lte": {
          "type": "custom",
          "argument_type": {
            "type": "named",
            "name": "int"
          }
        },
        "_neq": {
          "type": "custom",
          "argument_type": {
            "type": "named",
            "name": "int"
          }
        }
      }
    },
    "int4": {
      "aggregate_functions": {},
      "comparison_operators": {}
    },
    "money": {
      "aggregate_functions": {
        "APPROX_COUNT_DISTINCT": {
          "result_type": {
            "type": "named",
            "name": "bigint"
          }
        },
        "AVG": {
          "result_type": {
            "type": "named",
            "name": "money"
          }
        },
        "COUNT": {
          "result_type": {
            "type": "named",
            "name": "int"
          }
        },
        "COUNT_BIG": {
          "result_type": {
            "type": "named",
            "name": "bigint"
          }
        },
        "MAX": {
          "result_type": {
            "type": "named",
            "name": "money"
          }
        },
        "MIN": {
          "result_type": {
            "type": "named",
            "name": "money"
          }
        },
        "STDEV": {
          "result_type": {
            "type": "named",
            "name": "float"
          }
        },
        "STDEVP": {
          "result_type": {
            "type": "named",
            "name": "float"
          }
        },
        "SUM": {
          "result_type": {
            "type": "named",
            "name": "money"
          }
        },
        "VAR": {
          "result_type": {
            "type": "named",
            "name": "float"
          }
        },
        "VARP": {
          "result_type": {
            "type": "named",
            "name": "float"
          }
        }
      },
      "comparison_operators": {
        "_eq": {
          "type": "equal"
        },
        "_gt": {
          "type": "custom",
          "argument_type": {
            "type": "named",
            "name": "money"
          }
        },
        "_gte": {
          "type": "custom",
          "argument_type": {
            "type": "named",
            "name": "money"
          }
        },
        "_in": {
          "type": "in"
        },
        "_lt": {
          "type": "custom",
          "argument_type": {
            "type": "named",
            "name": "money"
          }
        },
        "_lte": {
          "type": "custom",
          "argument_type": {
            "type": "named",
            "name": "money"
          }
        },
        "_neq": {
          "type": "custom",
          "argument_type": {
            "type": "named",
            "name": "money"
          }
        }
      }
    },
    "nchar": {
      "aggregate_functions": {
        "APPROX_COUNT_DISTINCT": {
          "result_type": {
            "type": "named",
            "name": "bigint"
          }
        },
        "COUNT": {
          "result_type": {
            "type": "named",
            "name": "int"
          }
        },
        "COUNT_BIG": {
          "result_type": {
            "type": "named",
            "name": "bigint"
          }
        }
      },
      "comparison_operators": {
        "_eq": {
          "type": "equal"
        },
        "_gt": {
          "type": "custom",
          "argument_type": {
            "type": "named",
            "name": "nchar"
          }
        },
        "_gte": {
          "type": "custom",
          "argument_type": {
            "type": "named",
            "name": "nchar"
          }
        },
        "_in": {
          "type": "in"
        },
        "_like": {
          "type": "custom",
          "argument_type": {
            "type": "named",
            "name": "nchar"
          }
        },
        "_lt": {
          "type": "custom",
          "argument_type": {
            "type": "named",
            "name": "nchar"
          }
        },
        "_lte": {
          "type": "custom",
          "argument_type": {
            "type": "named",
            "name": "nchar"
          }
        },
        "_neq": {
          "type": "custom",
          "argument_type": {
            "type": "named",
            "name": "nchar"
          }
        },
        "_nlike": {
          "type": "custom",
          "argument_type": {
            "type": "named",
            "name": "nchar"
          }
        }
      }
    },
    "ntext": {
      "aggregate_functions": {
        "COUNT_BIG": {
          "result_type": {
            "type": "named",
            "name": "bigint"
          }
        }
      },
      "comparison_operators": {
        "_eq": {
          "type": "equal"
        },
        "_in": {
          "type": "in"
        },
        "_like": {
          "type": "custom",
          "argument_type": {
            "type": "named",
            "name": "ntext"
          }
        },
        "_nlike": {
          "type": "custom",
          "argument_type": {
            "type": "named",
            "name": "ntext"
          }
        }
      }
    },
    "numeric": {
      "aggregate_functions": {
        "APPROX_COUNT_DISTINCT": {
          "result_type": {
            "type": "named",
            "name": "bigint"
          }
        },
        "COUNT": {
          "result_type": {
            "type": "named",
            "name": "int"
          }
        },
        "COUNT_BIG": {
          "result_type": {
            "type": "named",
            "name": "bigint"
          }
        },
        "MAX": {
          "result_type": {
            "type": "named",
            "name": "numeric"
          }
        },
        "MIN": {
          "result_type": {
            "type": "named",
            "name": "numeric"
          }
        },
        "STDEV": {
          "result_type": {
            "type": "named",
            "name": "float"
          }
        },
        "STDEVP": {
          "result_type": {
            "type": "named",
            "name": "float"
          }
        },
        "VAR": {
          "result_type": {
            "type": "named",
            "name": "float"
          }
        },
        "VARP": {
          "result_type": {
            "type": "named",
            "name": "float"
          }
        }
      },
      "comparison_operators": {
        "_eq": {
          "type": "equal"
        },
        "_gt": {
          "type": "custom",
          "argument_type": {
            "type": "named",
            "name": "numeric"
          }
        },
        "_gte": {
          "type": "custom",
          "argument_type": {
            "type": "named",
            "name": "numeric"
          }
        },
        "_in": {
          "type": "in"
        },
        "_lt": {
          "type": "custom",
          "argument_type": {
            "type": "named",
            "name": "numeric"
          }
        },
        "_lte": {
          "type": "custom",
          "argument_type": {
            "type": "named",
            "name": "numeric"
          }
        },
        "_neq": {
          "type": "custom",
          "argument_type": {
            "type": "named",
            "name": "numeric"
          }
        }
      }
    },
    "nvarchar": {
      "aggregate_functions": {
        "APPROX_COUNT_DISTINCT": {
          "result_type": {
            "type": "named",
            "name": "bigint"
          }
        },
        "COUNT": {
          "result_type": {
            "type": "named",
            "name": "int"
          }
        },
        "COUNT_BIG": {
          "result_type": {
            "type": "named",
            "name": "bigint"
          }
        }
      },
      "comparison_operators": {
        "_eq": {
          "type": "equal"
        },
        "_gt": {
          "type": "custom",
          "argument_type": {
            "type": "named",
            "name": "nvarchar"
          }
        },
        "_gte": {
          "type": "custom",
          "argument_type": {
            "type": "named",
            "name": "nvarchar"
          }
        },
        "_in": {
          "type": "in"
        },
        "_like": {
          "type": "custom",
          "argument_type": {
            "type": "named",
            "name": "nvarchar"
          }
        },
        "_lt": {
          "type": "custom",
          "argument_type": {
            "type": "named",
            "name": "nvarchar"
          }
        },
        "_lte": {
          "type": "custom",
          "argument_type": {
            "type": "named",
            "name": "nvarchar"
          }
        },
        "_neq": {
          "type": "custom",
          "argument_type": {
            "type": "named",
            "name": "nvarchar"
          }
        },
        "_nlike": {
          "type": "custom",
          "argument_type": {
            "type": "named",
            "name": "nvarchar"
          }
        }
      }
    },
    "real": {
      "aggregate_functions": {
        "APPROX_COUNT_DISTINCT": {
          "result_type": {
            "type": "named",
            "name": "bigint"
          }
        },
        "AVG": {
          "result_type": {
            "type": "named",
            "name": "float"
          }
        },
        "COUNT": {
          "result_type": {
            "type": "named",
            "name": "int"
          }
        },
        "COUNT_BIG": {
          "result_type": {
            "type": "named",
            "name": "bigint"
          }
        },
        "MAX": {
          "result_type": {
            "type": "named",
            "name": "real"
          }
        },
        "MIN": {
          "result_type": {
            "type": "named",
            "name": "real"
          }
        },
        "STDEV": {
          "result_type": {
            "type": "named",
            "name": "float"
          }
        },
        "STDEVP": {
          "result_type": {
            "type": "named",
            "name": "float"
          }
        },
        "SUM": {
          "result_type": {
            "type": "named",
            "name": "float"
          }
        },
        "VAR": {
          "result_type": {
            "type": "named",
            "name": "float"
          }
        },
        "VARP": {
          "result_type": {
            "type": "named",
            "name": "float"
          }
        }
      },
      "comparison_operators": {
        "_eq": {
          "type": "equal"
        },
        "_gt": {
          "type": "custom",
          "argument_type": {
            "type": "named",
            "name": "real"
          }
        },
        "_gte": {
          "type": "custom",
          "argument_type": {
            "type": "named",
            "name": "real"
          }
        },
        "_in": {
          "type": "in"
        },
        "_lt": {
          "type": "custom",
          "argument_type": {
            "type": "named",
            "name": "real"
          }
        },
        "_lte": {
          "type": "custom",
          "argument_type": {
            "type": "named",
            "name": "real"
          }
        },
        "_neq": {
          "type": "custom",
          "argument_type": {
            "type": "named",
            "name": "real"
          }
        }
      }
    },
    "smalldatetime": {
      "aggregate_functions": {
        "APPROX_COUNT_DISTINCT": {
          "result_type": {
            "type": "named",
            "name": "bigint"
          }
        },
        "COUNT": {
          "result_type": {
            "type": "named",
            "name": "int"
          }
        },
        "COUNT_BIG": {
          "result_type": {
            "type": "named",
            "name": "bigint"
          }
        }
      },
      "comparison_operators": {
        "_eq": {
          "type": "equal"
        },
        "_gt": {
          "type": "custom",
          "argument_type": {
            "type": "named",
            "name": "smalldatetime"
          }
        },
        "_gte": {
          "type": "custom",
          "argument_type": {
            "type": "named",
            "name": "smalldatetime"
          }
        },
        "_in": {
          "type": "in"
        },
        "_lt": {
          "type": "custom",
          "argument_type": {
            "type": "named",
            "name": "smalldatetime"
          }
        },
        "_lte": {
          "type": "custom",
          "argument_type": {
            "type": "named",
            "name": "smalldatetime"
          }
        },
        "_neq": {
          "type": "custom",
          "argument_type": {
            "type": "named",
            "name": "smalldatetime"
          }
        }
      }
    },
    "smallint": {
      "aggregate_functions": {
        "APPROX_COUNT_DISTINCT": {
          "result_type": {
            "type": "named",
            "name": "bigint"
          }
        },
        "AVG": {
          "result_type": {
            "type": "named",
            "name": "int"
          }
        },
        "COUNT": {
          "result_type": {
            "type": "named",
            "name": "int"
          }
        },
        "COUNT_BIG": {
          "result_type": {
            "type": "named",
            "name": "bigint"
          }
        },
        "MAX": {
          "result_type": {
            "type": "named",
            "name": "smallint"
          }
        },
        "MIN": {
          "result_type": {
            "type": "named",
            "name": "smallint"
          }
        },
        "STDEV": {
          "result_type": {
            "type": "named",
            "name": "float"
          }
        },
        "STDEVP": {
          "result_type": {
            "type": "named",
            "name": "float"
          }
        },
        "SUM": {
          "result_type": {
            "type": "named",
            "name": "int"
          }
        },
        "VAR": {
          "result_type": {
            "type": "named",
            "name": "float"
          }
        },
        "VARP": {
          "result_type": {
            "type": "named",
            "name": "float"
          }
        }
      },
      "comparison_operators": {
        "_eq": {
          "type": "equal"
        },
        "_gt": {
          "type": "custom",
          "argument_type": {
            "type": "named",
            "name": "smallint"
          }
        },
        "_gte": {
          "type": "custom",
          "argument_type": {
            "type": "named",
            "name": "smallint"
          }
        },
        "_in": {
          "type": "in"
        },
        "_lt": {
          "type": "custom",
          "argument_type": {
            "type": "named",
            "name": "smallint"
          }
        },
        "_lte": {
          "type": "custom",
          "argument_type": {
            "type": "named",
            "name": "smallint"
          }
        },
        "_neq": {
          "type": "custom",
          "argument_type": {
            "type": "named",
            "name": "smallint"
          }
        }
      }
    },
    "smallmoney": {
      "aggregate_functions": {
        "APPROX_COUNT_DISTINCT": {
          "result_type": {
            "type": "named",
            "name": "bigint"
          }
        },
        "AVG": {
          "result_type": {
            "type": "named",
            "name": "money"
          }
        },
        "COUNT": {
          "result_type": {
            "type": "named",
            "name": "int"
          }
        },
        "COUNT_BIG": {
          "result_type": {
            "type": "named",
            "name": "bigint"
          }
        },
        "MAX": {
          "result_type": {
            "type": "named",
            "name": "smallmoney"
          }
        },
        "MIN": {
          "result_type": {
            "type": "named",
            "name": "smallmoney"
          }
        },
        "STDEV": {
          "result_type": {
            "type": "named",
            "name": "float"
          }
        },
        "STDEVP": {
          "result_type": {
            "type": "named",
            "name": "float"
          }
        },
        "SUM": {
          "result_type": {
            "type": "named",
            "name": "money"
          }
        },
        "VAR": {
          "result_type": {
            "type": "named",
            "name": "float"
          }
        },
        "VARP": {
          "result_type": {
            "type": "named",
            "name": "float"
          }
        }
      },
      "comparison_operators": {
        "_eq": {
          "type": "equal"
        },
        "_gt": {
          "type": "custom",
          "argument_type": {
            "type": "named",
            "name": "smallmoney"
          }
        },
        "_gte": {
          "type": "custom",
          "argument_type": {
            "type": "named",
            "name": "smallmoney"
          }
        },
        "_in": {
          "type": "in"
        },
        "_lt": {
          "type": "custom",
          "argument_type": {
            "type": "named",
            "name": "smallmoney"
          }
        },
        "_lte": {
          "type": "custom",
          "argument_type": {
            "type": "named",
            "name": "smallmoney"
          }
        },
        "_neq": {
          "type": "custom",
          "argument_type": {
            "type": "named",
            "name": "smallmoney"
          }
        }
      }
    },
    "sql_variant": {
      "aggregate_functions": {
        "COUNT": {
          "result_type": {
            "type": "named",
            "name": "int"
          }
        },
        "COUNT_BIG": {
          "result_type": {
            "type": "named",
            "name": "bigint"
          }
        }
      },
      "comparison_operators": {
        "_eq": {
          "type": "equal"
        },
        "_gt": {
          "type": "custom",
          "argument_type": {
            "type": "named",
            "name": "sql_variant"
          }
        },
        "_gte": {
          "type": "custom",
          "argument_type": {
            "type": "named",
            "name": "sql_variant"
          }
        },
        "_in": {
          "type": "in"
        },
        "_lt": {
          "type": "custom",
          "argument_type": {
            "type": "named",
            "name": "sql_variant"
          }
        },
        "_lte": {
          "type": "custom",
          "argument_type": {
            "type": "named",
            "name": "sql_variant"
          }
        },
        "_neq": {
          "type": "custom",
          "argument_type": {
            "type": "named",
            "name": "sql_variant"
          }
        }
      }
    },
    "sysname": {
      "aggregate_functions": {
        "APPROX_COUNT_DISTINCT": {
          "result_type": {
            "type": "named",
            "name": "bigint"
          }
        },
        "COUNT": {
          "result_type": {
            "type": "named",
            "name": "int"
          }
        },
        "COUNT_BIG": {
          "result_type": {
            "type": "named",
            "name": "bigint"
          }
        }
      },
      "comparison_operators": {
        "_eq": {
          "type": "equal"
        },
        "_gt": {
          "type": "custom",
          "argument_type": {
            "type": "named",
            "name": "sysname"
          }
        },
        "_gte": {
          "type": "custom",
          "argument_type": {
            "type": "named",
            "name": "sysname"
          }
        },
        "_in": {
          "type": "in"
        },
        "_lt": {
          "type": "custom",
          "argument_type": {
            "type": "named",
            "name": "sysname"
          }
        },
        "_lte": {
          "type": "custom",
          "argument_type": {
            "type": "named",
            "name": "sysname"
          }
        },
        "_neq": {
          "type": "custom",
          "argument_type": {
            "type": "named",
            "name": "sysname"
          }
        }
      }
    },
    "text": {
      "aggregate_functions": {
        "COUNT_BIG": {
          "result_type": {
            "type": "named",
            "name": "bigint"
          }
        },
        "MAX": {
          "result_type": {
            "type": "named",
            "name": "text"
          }
        },
        "MIN": {
          "result_type": {
            "type": "named",
            "name": "text"
          }
        }
      },
      "comparison_operators": {
        "_eq": {
          "type": "equal"
        },
        "_in": {
          "type": "in"
        },
        "_like": {
          "type": "custom",
          "argument_type": {
            "type": "named",
            "name": "text"
          }
        },
        "_nlike": {
          "type": "custom",
          "argument_type": {
            "type": "named",
            "name": "text"
          }
        }
      }
    },
    "time": {
      "aggregate_functions": {
        "APPROX_COUNT_DISTINCT": {
          "result_type": {
            "type": "named",
            "name": "bigint"
          }
        },
        "COUNT": {
          "result_type": {
            "type": "named",
            "name": "int"
          }
        },
        "COUNT_BIG": {
          "result_type": {
            "type": "named",
            "name": "bigint"
          }
        }
      },
      "comparison_operators": {
        "_eq": {
          "type": "equal"
        },
        "_gt": {
          "type": "custom",
          "argument_type": {
            "type": "named",
            "name": "time"
          }
        },
        "_gte": {
          "type": "custom",
          "argument_type": {
            "type": "named",
            "name": "time"
          }
        },
        "_in": {
          "type": "in"
        },
        "_lt": {
          "type": "custom",
          "argument_type": {
            "type": "named",
            "name": "time"
          }
        },
        "_lte": {
          "type": "custom",
          "argument_type": {
            "type": "named",
            "name": "time"
          }
        },
        "_neq": {
          "type": "custom",
          "argument_type": {
            "type": "named",
            "name": "time"
          }
        }
      }
    },
    "timestamp": {
      "aggregate_functions": {
        "APPROX_COUNT_DISTINCT": {
          "result_type": {
            "type": "named",
            "name": "bigint"
          }
        },
        "COUNT": {
          "result_type": {
            "type": "named",
            "name": "int"
          }
        },
        "COUNT_BIG": {
          "result_type": {
            "type": "named",
            "name": "bigint"
          }
        }
      },
      "comparison_operators": {
        "_eq": {
          "type": "equal"
        },
        "_gt": {
          "type": "custom",
          "argument_type": {
            "type": "named",
            "name": "timestamp"
          }
        },
        "_gte": {
          "type": "custom",
          "argument_type": {
            "type": "named",
            "name": "timestamp"
          }
        },
        "_in": {
          "type": "in"
        },
        "_lt": {
          "type": "custom",
          "argument_type": {
            "type": "named",
            "name": "timestamp"
          }
        },
        "_lte": {
          "type": "custom",
          "argument_type": {
            "type": "named",
            "name": "timestamp"
          }
        },
        "_neq": {
          "type": "custom",
          "argument_type": {
            "type": "named",
            "name": "timestamp"
          }
        }
      }
    },
    "tinyint": {
      "aggregate_functions": {
        "APPROX_COUNT_DISTINCT": {
          "result_type": {
            "type": "named",
            "name": "bigint"
          }
        },
        "AVG": {
          "result_type": {
            "type": "named",
            "name": "int"
          }
        },
        "COUNT": {
          "result_type": {
            "type": "named",
            "name": "int"
          }
        },
        "COUNT_BIG": {
          "result_type": {
            "type": "named",
            "name": "bigint"
          }
        },
        "MAX": {
          "result_type": {
            "type": "named",
            "name": "tinyint"
          }
        },
        "MIN": {
          "result_type": {
            "type": "named",
            "name": "tinyint"
          }
        },
        "STDEV": {
          "result_type": {
            "type": "named",
            "name": "float"
          }
        },
        "STDEVP": {
          "result_type": {
            "type": "named",
            "name": "float"
          }
        },
        "SUM": {
          "result_type": {
            "type": "named",
            "name": "int"
          }
        },
        "VAR": {
          "result_type": {
            "type": "named",
            "name": "float"
          }
        },
        "VARP": {
          "result_type": {
            "type": "named",
            "name": "float"
          }
        }
      },
      "comparison_operators": {
        "_eq": {
          "type": "equal"
        },
        "_gt": {
          "type": "custom",
          "argument_type": {
            "type": "named",
            "name": "tinyint"
          }
        },
        "_gte": {
          "type": "custom",
          "argument_type": {
            "type": "named",
            "name": "tinyint"
          }
        },
        "_in": {
          "type": "in"
        },
        "_lt": {
          "type": "custom",
          "argument_type": {
            "type": "named",
            "name": "tinyint"
          }
        },
        "_lte": {
          "type": "custom",
          "argument_type": {
            "type": "named",
            "name": "tinyint"
          }
        },
        "_neq": {
          "type": "custom",
          "argument_type": {
            "type": "named",
            "name": "tinyint"
          }
        }
      }
    },
    "uniqueidentifier": {
      "aggregate_functions": {
        "APPROX_COUNT_DISTINCT": {
          "result_type": {
            "type": "named",
            "name": "bigint"
          }
        },
        "COUNT": {
          "result_type": {
            "type": "named",
            "name": "int"
          }
        },
        "COUNT_BIG": {
          "result_type": {
            "type": "named",
            "name": "bigint"
          }
        },
        "MAX": {
          "result_type": {
            "type": "named",
            "name": "uniqueidentifier"
          }
        },
        "MIN": {
          "result_type": {
            "type": "named",
            "name": "uniqueidentifier"
          }
        }
      },
      "comparison_operators": {
        "_eq": {
          "type": "equal"
        },
        "_gt": {
          "type": "custom",
          "argument_type": {
            "type": "named",
            "name": "uniqueidentifier"
          }
        },
        "_gte": {
          "type": "custom",
          "argument_type": {
            "type": "named",
            "name": "uniqueidentifier"
          }
        },
        "_in": {
          "type": "in"
        },
        "_lt": {
          "type": "custom",
          "argument_type": {
            "type": "named",
            "name": "uniqueidentifier"
          }
        },
        "_lte": {
          "type": "custom",
          "argument_type": {
            "type": "named",
            "name": "uniqueidentifier"
          }
        },
        "_neq": {
          "type": "custom",
          "argument_type": {
            "type": "named",
            "name": "uniqueidentifier"
          }
        }
      }
    },
    "varbinary": {
      "aggregate_functions": {
        "APPROX_COUNT_DISTINCT": {
          "result_type": {
            "type": "named",
            "name": "bigint"
          }
        },
        "COUNT": {
          "result_type": {
            "type": "named",
            "name": "int"
          }
        },
        "COUNT_BIG": {
          "result_type": {
            "type": "named",
            "name": "bigint"
          }
        }
      },
      "comparison_operators": {
        "_eq": {
          "type": "equal"
        },
        "_gt": {
          "type": "custom",
          "argument_type": {
            "type": "named",
            "name": "varbinary"
          }
        },
        "_gte": {
          "type": "custom",
          "argument_type": {
            "type": "named",
            "name": "varbinary"
          }
        },
        "_in": {
          "type": "in"
        },
        "_lt": {
          "type": "custom",
          "argument_type": {
            "type": "named",
            "name": "varbinary"
          }
        },
        "_lte": {
          "type": "custom",
          "argument_type": {
            "type": "named",
            "name": "varbinary"
          }
        },
        "_neq": {
          "type": "custom",
          "argument_type": {
            "type": "named",
            "name": "varbinary"
          }
        }
      }
    },
    "varchar": {
      "aggregate_functions": {
        "APPROX_COUNT_DISTINCT": {
          "result_type": {
            "type": "named",
            "name": "bigint"
          }
        },
        "COUNT": {
          "result_type": {
            "type": "named",
            "name": "int"
          }
        },
        "COUNT_BIG": {
          "result_type": {
            "type": "named",
            "name": "bigint"
          }
        },
        "MAX": {
          "result_type": {
            "type": "named",
            "name": "varchar"
          }
        },
        "MIN": {
          "result_type": {
            "type": "named",
            "name": "varchar"
          }
        }
      },
      "comparison_operators": {
        "_eq": {
          "type": "equal"
        },
        "_gt": {
          "type": "custom",
          "argument_type": {
            "type": "named",
            "name": "varchar"
          }
        },
        "_gte": {
          "type": "custom",
          "argument_type": {
            "type": "named",
            "name": "varchar"
          }
        },
        "_in": {
          "type": "in"
        },
        "_like": {
          "type": "custom",
          "argument_type": {
            "type": "named",
            "name": "varchar"
          }
        },
        "_lt": {
          "type": "custom",
          "argument_type": {
            "type": "named",
            "name": "varchar"
          }
        },
        "_lte": {
          "type": "custom",
          "argument_type": {
            "type": "named",
            "name": "varchar"
          }
        },
        "_neq": {
          "type": "custom",
          "argument_type": {
            "type": "named",
            "name": "varchar"
          }
        },
        "_nlike": {
          "type": "custom",
          "argument_type": {
            "type": "named",
            "name": "varchar"
          }
        }
      }
    },
    "xml": {
      "aggregate_functions": {
        "APPROX_COUNT_DISTINCT": {
          "result_type": {
            "type": "named",
            "name": "bigint"
          }
        },
        "COUNT": {
          "result_type": {
            "type": "named",
            "name": "int"
          }
        },
        "COUNT_BIG": {
          "result_type": {
            "type": "named",
            "name": "bigint"
          }
        }
      },
      "comparison_operators": {
        "_eq": {
          "type": "equal"
        },
        "_gt": {
          "type": "custom",
          "argument_type": {
            "type": "named",
            "name": "xml"
          }
        },
        "_gte": {
          "type": "custom",
          "argument_type": {
            "type": "named",
            "name": "xml"
          }
        },
        "_in": {
          "type": "in"
        },
        "_lt": {
          "type": "custom",
          "argument_type": {
            "type": "named",
            "name": "xml"
          }
        },
        "_lte": {
          "type": "custom",
          "argument_type": {
            "type": "named",
            "name": "xml"
          }
        },
        "_neq": {
          "type": "custom",
          "argument_type": {
            "type": "named",
            "name": "xml"
          }
        }
      }
    }
  },
  "object_types": {
    "Album": {
      "fields": {
        "AlbumId": {
          "type": {
            "type": "named",
            "name": "int"
          }
        },
        "ArtistId": {
          "type": {
            "type": "named",
            "name": "int"
          }
        },
        "Title": {
          "type": {
            "type": "named",
            "name": "nvarchar"
          }
        }
      }
    },
    "Artist": {
      "fields": {
        "ArtistId": {
          "type": {
            "type": "named",
            "name": "int"
          }
        },
        "Name": {
          "type": {
            "type": "nullable",
            "underlying_type": {
              "type": "named",
              "name": "nvarchar"
            }
          }
        }
      }
    },
    "Customer": {
      "fields": {
        "Address": {
          "type": {
            "type": "nullable",
            "underlying_type": {
              "type": "named",
              "name": "nvarchar"
            }
          }
        },
        "City": {
          "type": {
            "type": "nullable",
            "underlying_type": {
              "type": "named",
              "name": "nvarchar"
            }
          }
        },
        "Company": {
          "type": {
            "type": "nullable",
            "underlying_type": {
              "type": "named",
              "name": "nvarchar"
            }
          }
        },
        "Country": {
          "type": {
            "type": "nullable",
            "underlying_type": {
              "type": "named",
              "name": "nvarchar"
            }
          }
        },
        "CustomerId": {
          "type": {
            "type": "named",
            "name": "int"
          }
        },
        "Email": {
          "type": {
            "type": "named",
            "name": "nvarchar"
          }
        },
        "Fax": {
          "type": {
            "type": "nullable",
            "underlying_type": {
              "type": "named",
              "name": "nvarchar"
            }
          }
        },
        "FirstName": {
          "type": {
            "type": "named",
            "name": "nvarchar"
          }
        },
        "LastName": {
          "type": {
            "type": "named",
            "name": "nvarchar"
          }
        },
        "Phone": {
          "type": {
            "type": "nullable",
            "underlying_type": {
              "type": "named",
              "name": "nvarchar"
            }
          }
        },
        "PostalCode": {
          "type": {
            "type": "nullable",
            "underlying_type": {
              "type": "named",
              "name": "nvarchar"
            }
          }
        },
        "State": {
          "type": {
            "type": "nullable",
            "underlying_type": {
              "type": "named",
              "name": "nvarchar"
            }
          }
        },
        "SupportRepId": {
          "type": {
            "type": "nullable",
            "underlying_type": {
              "type": "named",
              "name": "int"
            }
          }
        }
      }
    },
    "Employee": {
      "fields": {
        "Address": {
          "type": {
            "type": "nullable",
            "underlying_type": {
              "type": "named",
              "name": "nvarchar"
            }
          }
        },
        "BirthDate": {
          "type": {
            "type": "nullable",
            "underlying_type": {
              "type": "named",
              "name": "datetime"
            }
          }
        },
        "City": {
          "type": {
            "type": "nullable",
            "underlying_type": {
              "type": "named",
              "name": "nvarchar"
            }
          }
        },
        "Country": {
          "type": {
            "type": "nullable",
            "underlying_type": {
              "type": "named",
              "name": "nvarchar"
            }
          }
        },
        "Email": {
          "type": {
            "type": "nullable",
            "underlying_type": {
              "type": "named",
              "name": "nvarchar"
            }
          }
        },
        "EmployeeId": {
          "type": {
            "type": "named",
            "name": "int"
          }
        },
        "Fax": {
          "type": {
            "type": "nullable",
            "underlying_type": {
              "type": "named",
              "name": "nvarchar"
            }
          }
        },
        "FirstName": {
          "type": {
            "type": "named",
            "name": "nvarchar"
          }
        },
        "HireDate": {
          "type": {
            "type": "nullable",
            "underlying_type": {
              "type": "named",
              "name": "datetime"
            }
          }
        },
        "LastName": {
          "type": {
            "type": "named",
            "name": "nvarchar"
          }
        },
        "Phone": {
          "type": {
            "type": "nullable",
            "underlying_type": {
              "type": "named",
              "name": "nvarchar"
            }
          }
        },
        "PostalCode": {
          "type": {
            "type": "nullable",
            "underlying_type": {
              "type": "named",
              "name": "nvarchar"
            }
          }
        },
        "ReportsTo": {
          "type": {
            "type": "nullable",
            "underlying_type": {
              "type": "named",
              "name": "int"
            }
          }
        },
        "State": {
          "type": {
            "type": "nullable",
            "underlying_type": {
              "type": "named",
              "name": "nvarchar"
            }
          }
        },
        "Title": {
          "type": {
            "type": "nullable",
            "underlying_type": {
              "type": "named",
              "name": "nvarchar"
            }
          }
        }
      }
    },
    "Genre": {
      "fields": {
        "GenreId": {
          "type": {
            "type": "named",
            "name": "int"
          }
        },
        "Name": {
          "type": {
            "type": "nullable",
            "underlying_type": {
              "type": "named",
              "name": "nvarchar"
            }
          }
        }
      }
    },
    "Invoice": {
      "fields": {
        "BillingAddress": {
          "type": {
            "type": "nullable",
            "underlying_type": {
              "type": "named",
              "name": "nvarchar"
            }
          }
        },
        "BillingCity": {
          "type": {
            "type": "nullable",
            "underlying_type": {
              "type": "named",
              "name": "nvarchar"
            }
          }
        },
        "BillingCountry": {
          "type": {
            "type": "nullable",
            "underlying_type": {
              "type": "named",
              "name": "nvarchar"
            }
          }
        },
        "BillingPostalCode": {
          "type": {
            "type": "nullable",
            "underlying_type": {
              "type": "named",
              "name": "nvarchar"
            }
          }
        },
        "BillingState": {
          "type": {
            "type": "nullable",
            "underlying_type": {
              "type": "named",
              "name": "nvarchar"
            }
          }
        },
        "CustomerId": {
          "type": {
            "type": "named",
            "name": "int"
          }
        },
        "InvoiceDate": {
          "type": {
            "type": "named",
            "name": "datetime"
          }
        },
        "InvoiceId": {
          "type": {
            "type": "named",
            "name": "int"
          }
        },
        "Total": {
          "type": {
            "type": "named",
            "name": "numeric"
          }
        }
      }
    },
    "InvoiceLine": {
      "fields": {
        "InvoiceId": {
          "type": {
            "type": "named",
            "name": "int"
          }
        },
        "InvoiceLineId": {
          "type": {
            "type": "named",
            "name": "int"
          }
        },
        "Quantity": {
          "type": {
            "type": "named",
            "name": "int"
          }
        },
        "TrackId": {
          "type": {
            "type": "named",
            "name": "int"
          }
        },
        "UnitPrice": {
          "type": {
            "type": "named",
            "name": "numeric"
          }
        }
      }
    },
    "MediaType": {
      "fields": {
        "MediaTypeId": {
          "type": {
            "type": "named",
            "name": "int"
          }
        },
        "Name": {
          "type": {
            "type": "nullable",
            "underlying_type": {
              "type": "named",
              "name": "nvarchar"
            }
          }
        }
      }
    },
    "Playlist": {
      "fields": {
        "Name": {
          "type": {
            "type": "nullable",
            "underlying_type": {
              "type": "named",
              "name": "nvarchar"
            }
          }
        },
        "PlaylistId": {
          "type": {
            "type": "named",
            "name": "int"
          }
        }
      }
    },
    "PlaylistTrack": {
      "fields": {
        "PlaylistId": {
          "type": {
            "type": "named",
            "name": "int"
          }
        },
        "TrackId": {
          "type": {
            "type": "named",
            "name": "int"
          }
        }
      }
    },
    "Track": {
      "fields": {
        "AlbumId": {
          "type": {
            "type": "nullable",
            "underlying_type": {
              "type": "named",
              "name": "int"
            }
          }
        },
        "Bytes": {
          "type": {
            "type": "nullable",
            "underlying_type": {
              "type": "named",
              "name": "int"
            }
          }
        },
        "Composer": {
          "type": {
            "type": "nullable",
            "underlying_type": {
              "type": "named",
              "name": "nvarchar"
            }
          }
        },
        "GenreId": {
          "type": {
            "type": "nullable",
            "underlying_type": {
              "type": "named",
              "name": "int"
            }
          }
        },
        "MediaTypeId": {
          "type": {
            "type": "named",
            "name": "int"
          }
        },
        "Milliseconds": {
          "type": {
            "type": "named",
            "name": "int"
          }
        },
        "Name": {
          "type": {
            "type": "named",
            "name": "nvarchar"
          }
        },
        "TrackId": {
          "type": {
            "type": "named",
            "name": "int"
          }
        },
        "UnitPrice": {
          "type": {
            "type": "named",
            "name": "numeric"
          }
        }
      }
    },
    "album_by_title": {
      "fields": {
        "AlbumId": {
          "type": {
            "type": "nullable",
            "underlying_type": {
              "type": "named",
              "name": "int4"
            }
          }
        },
        "ArtistId": {
          "type": {
            "type": "nullable",
            "underlying_type": {
              "type": "named",
              "name": "int4"
            }
          }
        },
        "Title": {
          "type": {
            "type": "nullable",
            "underlying_type": {
              "type": "named",
              "name": "varchar"
            }
          }
        }
      }
    },
    "artist": {
      "fields": {
        "ArtistId": {
          "type": {
            "type": "nullable",
            "underlying_type": {
              "type": "named",
              "name": "int4"
            }
          }
        },
        "Name": {
          "type": {
            "type": "nullable",
            "underlying_type": {
              "type": "named",
              "name": "varchar"
            }
          }
        }
      }
    },
    "artist_below_id": {
      "fields": {
        "ArtistId": {
          "type": {
            "type": "nullable",
            "underlying_type": {
              "type": "named",
              "name": "int4"
            }
          }
        },
        "Name": {
          "type": {
            "type": "nullable",
            "underlying_type": {
              "type": "named",
              "name": "varchar"
            }
          }
        }
      }
    },
    "value_types": {
      "fields": {
        "bigint": {
          "type": {
            "type": "nullable",
            "underlying_type": {
              "type": "named",
              "name": "bigint"
            }
          }
        },
        "char": {
          "type": {
            "type": "nullable",
            "underlying_type": {
              "type": "named",
              "name": "char"
            }
          }
        },
        "date": {
          "type": {
            "type": "nullable",
            "underlying_type": {
              "type": "named",
              "name": "date"
            }
          }
        },
        "float": {
          "type": {
            "type": "nullable",
            "underlying_type": {
              "type": "named",
              "name": "float"
            }
          }
        },
        "int": {
          "type": {
            "type": "nullable",
            "underlying_type": {
              "type": "named",
              "name": "int"
            }
          }
        },
        "numeric": {
          "type": {
            "type": "nullable",
            "underlying_type": {
              "type": "named",
              "name": "numeric"
            }
          }
        },
        "text": {
          "type": {
            "type": "nullable",
            "underlying_type": {
              "type": "named",
              "name": "text"
            }
          }
        },
        "time": {
          "type": {
            "type": "nullable",
            "underlying_type": {
              "type": "named",
              "name": "time"
            }
          }
        },
        "timestamp": {
          "type": {
            "type": "nullable",
            "underlying_type": {
              "type": "named",
              "name": "timestamp"
            }
          }
        }
      }
    }
  },
  "collections": [
    {
      "name": "Album",
      "arguments": {},
      "type": "Album",
      "uniqueness_constraints": {
        "PK_Album": {
          "unique_columns": [
            "AlbumId"
          ]
        }
      },
      "foreign_keys": {
        "FK_ArtistId0": {
          "column_mapping": {
            "ArtistId": "ArtistId"
          },
          "foreign_collection": "Artist"
        }
      }
    },
    {
      "name": "Artist",
      "arguments": {},
      "type": "Artist",
      "uniqueness_constraints": {
        "PK_Artist": {
          "unique_columns": [
            "ArtistId"
          ]
        }
      },
      "foreign_keys": {}
    },
    {
      "name": "Customer",
      "arguments": {},
      "type": "Customer",
      "uniqueness_constraints": {
        "PK_Customer": {
          "unique_columns": [
            "CustomerId"
          ]
        }
      },
      "foreign_keys": {
        "FK_SupportRepId0": {
          "column_mapping": {
            "SupportRepId": "EmployeeId"
          },
          "foreign_collection": "Employee"
        }
      }
    },
    {
      "name": "Employee",
      "arguments": {},
      "type": "Employee",
      "uniqueness_constraints": {
        "PK_Employee": {
          "unique_columns": [
            "EmployeeId"
          ]
        }
      },
      "foreign_keys": {
        "FK_ReportsTo0": {
          "column_mapping": {
            "ReportsTo": "EmployeeId"
          },
          "foreign_collection": "Employee"
        }
      }
    },
    {
      "name": "Genre",
      "arguments": {},
      "type": "Genre",
      "uniqueness_constraints": {
        "PK_Genre": {
          "unique_columns": [
            "GenreId"
          ]
        }
      },
      "foreign_keys": {}
    },
    {
      "name": "Invoice",
      "arguments": {},
      "type": "Invoice",
      "uniqueness_constraints": {
        "PK_Invoice": {
          "unique_columns": [
            "InvoiceId"
          ]
        }
      },
      "foreign_keys": {
        "FK_CustomerId0": {
          "column_mapping": {
            "CustomerId": "CustomerId"
          },
          "foreign_collection": "Customer"
        }
      }
    },
    {
      "name": "InvoiceLine",
      "arguments": {},
      "type": "InvoiceLine",
      "uniqueness_constraints": {
        "PK_InvoiceLine": {
          "unique_columns": [
            "InvoiceLineId"
          ]
        }
      },
      "foreign_keys": {
        "FK_InvoiceId0": {
          "column_mapping": {
            "InvoiceId": "InvoiceId"
          },
          "foreign_collection": "Invoice"
        },
        "FK_TrackId0": {
          "column_mapping": {
            "TrackId": "TrackId"
          },
          "foreign_collection": "Track"
        }
      }
    },
    {
      "name": "MediaType",
      "arguments": {},
      "type": "MediaType",
      "uniqueness_constraints": {
        "PK_MediaType": {
          "unique_columns": [
            "MediaTypeId"
          ]
        }
      },
      "foreign_keys": {}
    },
    {
      "name": "Playlist",
      "arguments": {},
      "type": "Playlist",
      "uniqueness_constraints": {
        "PK_Playlist": {
          "unique_columns": [
            "PlaylistId"
          ]
        }
      },
      "foreign_keys": {}
    },
    {
      "name": "PlaylistTrack",
      "arguments": {},
      "type": "PlaylistTrack",
      "uniqueness_constraints": {
        "PK_PlaylistTrack": {
          "unique_columns": [
            "PlaylistId",
            "TrackId"
          ]
        }
      },
      "foreign_keys": {
        "FK_PlaylistId0": {
          "column_mapping": {
            "PlaylistId": "PlaylistId"
          },
          "foreign_collection": "Playlist"
        },
        "FK_TrackId0": {
          "column_mapping": {
            "TrackId": "TrackId"
          },
          "foreign_collection": "Track"
        }
      }
    },
    {
      "name": "Track",
      "arguments": {},
      "type": "Track",
      "uniqueness_constraints": {
        "PK_Track": {
          "unique_columns": [
            "TrackId"
          ]
        }
      },
      "foreign_keys": {
        "FK_AlbumId0": {
          "column_mapping": {
            "AlbumId": "AlbumId"
          },
          "foreign_collection": "Album"
        },
        "FK_GenreId0": {
          "column_mapping": {
            "GenreId": "GenreId"
          },
          "foreign_collection": "Genre"
        },
        "FK_MediaTypeId0": {
          "column_mapping": {
            "MediaTypeId": "MediaTypeId"
          },
          "foreign_collection": "MediaType"
        }
      }
    },
    {
      "name": "album_by_title",
      "arguments": {
        "id": {
          "type": {
            "type": "nullable",
            "underlying_type": {
              "type": "named",
              "name": "int4"
            }
          }
        },
        "title": {
          "type": {
            "type": "nullable",
            "underlying_type": {
              "type": "named",
              "name": "varchar"
            }
          }
        }
      },
      "type": "album_by_title",
      "uniqueness_constraints": {},
      "foreign_keys": {}
    },
    {
      "name": "artist",
      "arguments": {},
      "type": "artist",
      "uniqueness_constraints": {},
      "foreign_keys": {}
    },
    {
      "name": "artist_below_id",
      "arguments": {
        "id": {
          "type": {
            "type": "nullable",
            "underlying_type": {
              "type": "named",
              "name": "int4"
            }
          }
        }
      },
      "type": "artist_below_id",
      "uniqueness_constraints": {},
      "foreign_keys": {}
    },
    {
      "name": "value_types",
      "arguments": {
        "bigint": {
          "type": {
            "type": "nullable",
            "underlying_type": {
              "type": "named",
              "name": "bigint"
            }
          }
        },
        "char": {
          "type": {
            "type": "nullable",
            "underlying_type": {
              "type": "named",
              "name": "char"
            }
          }
        },
        "date": {
          "type": {
            "type": "nullable",
            "underlying_type": {
              "type": "named",
              "name": "date"
            }
          }
        },
        "float": {
          "type": {
            "type": "nullable",
            "underlying_type": {
              "type": "named",
              "name": "float"
            }
          }
        },
        "int": {
          "type": {
            "type": "nullable",
            "underlying_type": {
              "type": "named",
              "name": "int"
            }
          }
        },
        "numeric": {
          "type": {
            "type": "nullable",
            "underlying_type": {
              "type": "named",
              "name": "numeric"
            }
          }
        },
        "text": {
          "type": {
            "type": "nullable",
            "underlying_type": {
              "type": "named",
              "name": "text"
            }
          }
        },
        "time": {
          "type": {
            "type": "nullable",
            "underlying_type": {
              "type": "named",
              "name": "time"
            }
          }
        },
        "timestamp": {
          "type": {
            "type": "nullable",
            "underlying_type": {
              "type": "named",
              "name": "timestamp"
            }
          }
        }
      },
      "type": "value_types",
      "uniqueness_constraints": {},
      "foreign_keys": {}
    }
  ],
  "functions": [],
  "procedures": []
}
