---
source: crates/query-engine/translation/tests/tests.rs
expression: result
---
SELECT
  ISNULL([2_rows].[rows], '[]') AS [rows]
FROM
  (
    SELECT
      [0_types].[date] AS [date]
    FROM
      [public].[types] AS [0_types]
    WHERE
      (
        (
          (
            (
              ([0_types].[date] = @P1)
              AND ([0_types].[time] = @P2)
            )
            AND ([0_types].[timetz] = @P3)
          )
          AND ([0_types].[timestamp] = @P4)
        )
        AND ([0_types].[timestamptz] = @P5)
      ) FOR JSON PATH,
      INCLUDE_NULL_VALUES
  ) AS [2_rows]([rows]) FOR JSON PATH,
  INCLUDE_NULL_VALUES,
  WITHOUT_ARRAY_WRAPPER

[(1, String("2021-12-21")), (2, String("02:35:59")), (3, String("02:35:59-07")), (4, String("2013-11-03 02:35:59")), (5, String("2013-11-03 02:35:59-07"))]
