---
source: crates/query-engine/tests/tests.rs
expression: result
---
SELECT
  isnull([rows].[row_json], '[]') AS [rows]
FROM
  (
    SELECT
      [Artist].[Name] AS [Name],
      JSON_QUERY([Albums].[json], '$') AS [Albums]
    FROM
      [public].[Artist] AS [Artist]
      OUTER APPLY (
        SELECT
          JSON_QUERY(isnull([rows].[row_json], '[]'), '$.row_json') AS [rows],
          JSON_QUERY(
            JSON_VALUE([aggregates].[agg_json], '$.agg_json'),
            '$'
          ) AS [aggregates]
        FROM
          (
            SELECT
              *
            FROM
              (
                SELECT
                  [Album].[Title] AS [Title]
                FROM
                  [public].[Album] AS [Album]
                WHERE
                  (
                    (1 = 1)
                    AND ([Artist].[ArtistId] = [Album].[ArtistId])
                  ) FOR JSON PATH,
                  INCLUDE_NULL_VALUES
              ) AS [Albums]([row_json]) FOR JSON PATH,
              INCLUDE_NULL_VALUES,
              WITHOUT_ARRAY_WRAPPER
          ) AS [rows]([row_json])
          CROSS JOIN (
            SELECT
              *
            FROM
              (
                SELECT
                  COUNT(*) AS [how_many_albums]
                FROM
                  [public].[Album] AS [Album]
                WHERE
                  (
                    (1 = 1)
                    AND ([Artist].[ArtistId] = [Album].[ArtistId])
                  ) FOR JSON PATH,
                  INCLUDE_NULL_VALUES,
                  WITHOUT_ARRAY_WRAPPER
              ) AS [aggregates]([agg_json]) FOR JSON PATH,
              INCLUDE_NULL_VALUES,
              WITHOUT_ARRAY_WRAPPER
          ) AS [aggregates]([agg_json]) FOR JSON PATH,
          INCLUDE_NULL_VALUES,
          WITHOUT_ARRAY_WRAPPER
      ) AS [Albums]([json])
    ORDER BY
      [Artist].[ArtistId] ASC OFFSET 1 ROWS FETCH NEXT 5 ROWS ONLY FOR JSON PATH,
      INCLUDE_NULL_VALUES
  ) AS [rows]([row_json]) FOR JSON PATH,
  INCLUDE_NULL_VALUES,
  WITHOUT_ARRAY_WRAPPER

[]
