---
source: crates/query-engine/tests/tests.rs
expression: result
---
SELECT
  [rows].[json] AS [rows]
FROM
  (
    SELECT
      [Albums].[Albums] AS [Albums]
    FROM
      [public].[Artist] AS [Artist]
      LEFT OUTER JOIN LATERAL (
        SELECT
          [rows].[rows] AS [rows]
        FROM
          (
            SELECT
              [Album].[Title] AS [title]
            FROM
              [public].[Album] AS [Album]
            WHERE
              (
                (
                  1 = 1
                  AND ([Artist].[ArtistId] = [Album].[ArtistId])
                ) FOR JSON PATH
              ) AS [rows]([json]) FOR JSON PATH,
              WITHOUT_ARRAY_WRAPPER
          ) AS [Albums] ON ('true')
        ORDER BY
          [Artist].[ArtistId] ASC FETCH NEXT 5 ROWS ONLY FOR JSON PATH
      ) AS [rows]([json]) FOR JSON PATH,
      WITHOUT_ARRAY_WRAPPER

[]
